---
source: annis_export_core/tests/export.rs
info:
  corpus_paths:
    - subtok.demo_relANNIS.zip
  corpus_names:
    - subtok.demo
  aql_query: "pos=\"DT\""
  query_language: AQL
  export_columns:
    - Number
    - Data:
        Anno: DocName
    - Data:
        Text:
          left_context: 4
          right_context: 4
          segmentation: diplomatic
---
Number,Document,Left context (diplomatic),Match (diplomatic),Right context (diplomatic)
1,subtok.demo/subtok.demo.doc01,,T his,is an example of
2,subtok.demo/subtok.demo.doc01,T his is,an,example of a ſub⸗
3,subtok.demo/subtok.demo.doc01,is an example of,a,ſub⸗ tokenized corpus .

