---
source: annis_export_core/tests/export_matches.rs
info:
  corpus_paths:
    - subtok.demo_relANNIS.zip
  corpus_names:
    - subtok.demo
  aql_query: "pos=\"DT\""
  query_language: AQL
  export_columns:
    - Number
    - Data:
        Anno:
          Corpus:
            anno_key:
              - ""
              - language
    - Data:
        Anno:
          Document:
            anno_key:
              - annis
              - doc
    - Data:
        Anno:
          MatchNode:
            anno_key:
              - grammar
              - lemma
            index: 0
    - Data:
        Text:
          left_context: 4
          right_context: 4
          segmentation: diplomatic
          primary_node_indices: []
---
Number,Corpus language,Document,#1 lemma,Left context (diplomatic),Match (diplomatic),Right context (diplomatic)
1,English,subtok.demo.doc01,This,,T his,is an example of
2,English,subtok.demo.doc01,a,T his is,an,example of a ſub⸗
3,English,subtok.demo.doc01,a,is an example of,a,ſub⸗ tokenized corpus .

