---
source: annis_export_core/tests/export.rs
info:
  corpus_paths:
    - subtok.demo_relANNIS.zip
  corpus_names:
    - subtok.demo
  aql_query: "pos=\"DT\""
  query_language: AQL
  export_columns:
    - Number
    - Data:
        Anno: DocName
    - Data:
        Text:
          left_context: 4
          right_context: 4
          segmentation: ~
---
Number,Document,Left context (tokens),Match (tokens),Right context (tokens)
1,subtok.demo/subtok.demo.doc01,,T his,is an example of
2,subtok.demo/subtok.demo.doc01,T his is,an,example of a sub-
3,subtok.demo/subtok.demo.doc01,is an example of,a,sub- tokenized corpus .

