---
source: annis_export_core/tests/export.rs
info:
  corpus_paths:
    - subtok.demo_relANNIS.zip
  corpus_names:
    - subtok.demo
  aql_query: "(pos=\"DT\" .5,5 pos=\"DT\") | pos=\"NN\""
  query_language: AQL
  export_columns:
    - Number
    - Data:
        Anno: DocName
    - Data:
        Text:
          left_context: 1
          right_context: 1
          segmentation: ~
---
Number,Document,Context 1 (tokens),Match 1 (tokens),Context 2 (tokens),Match 2 (tokens),Context 3 (tokens)
1,subtok.demo/subtok.demo.doc01,,T his,is (...) of,a,sub-
2,subtok.demo/subtok.demo.doc01,an,example,of,,
3,subtok.demo/subtok.demo.doc01,tokenized,corpus,.,,

