---
source: annis_export_core/tests/export.rs
info:
  corpus_paths:
    - subtok.demo_relANNIS.zip
    - subtok.demo2_relANNIS.zip
  corpus_names:
    - subtok.demo
    - subtok.demo2
  aql_query: "pos=\"DT\" .5,5 pos=\"DT\""
  query_language: AQL
  export_columns:
    - Number
    - Data:
        Anno: DocName
    - Data:
        Text:
          left_context: 1
          right_context: 1
          segmentation: diplomatic
---
Number,Document,Context 1 (diplomatic),Match 1 (diplomatic),Context 2 (diplomatic),Match 2 (diplomatic),Context 3 (diplomatic)
1,subtok.demo/subtok.demo.doc01,,T his,is (...) of,a,ſub⸗
2,subtok.demo2/subtok.demo2.doc01,,T his,is (...) of,a,ſub⸗

