---
source: annis_export_core/tests/export.rs
info:
  corpus_paths:
    - subtok.demo_relANNIS.zip
  corpus_names:
    - subtok.demo
  aql_query: "pos=\"DT\" .5,5 pos=\"DT\" & lemma & lemma & #1 _=_ #3 & #2 _=_ #4"
  query_language: AQL
  export_columns:
    - Number
    - Data:
        Anno:
          Corpus:
            anno_key:
              - ""
              - language
    - Data:
        Anno:
          Document:
            anno_key:
              - annis
              - doc
    - Data:
        Anno:
          MatchNode:
            anno_key:
              - grammar
              - lemma
            index: 2
    - Data:
        Anno:
          MatchNode:
            anno_key:
              - grammar
              - lemma
            index: 3
    - Data:
        Text:
          left_context: 1
          right_context: 1
          segmentation: ~
---
Number,Corpus language,Document doc,Match node 3 lemma,Match node 4 lemma,Context 1 (tokens),Match 1 (tokens),Context 2 (tokens),Match 2 (tokens),Context 3 (tokens)
1,English,subtok.demo.doc01,This,a,,T his,is (...) of,a,sub-

