---
source: annimate_core/tests/export_matches.rs
info:
  corpus_paths:
    - subtok.demo_relANNIS.zip
  corpus_names:
    - subtok.demo
  aql_query: "pos=\"DT\""
  query_language: AQL
  export_columns:
    - Number
    - Data:
        Anno:
          Corpus:
            anno_key:
              - ""
              - language
    - Data:
        Anno:
          Document:
            anno_key:
              - annis
              - doc
    - Data:
        Anno:
          MatchNode:
            anno_key:
              - grammar
              - lemma
            index: 0
    - Data:
        Text:
          left_context: 4
          right_context: 4
          segmentation: norm
          primary_node_indices: ~
---
Number,Corpus language,Document,#1 lemma,Left context (norm),Match (norm),Right context (norm)
1,English,subtok.demo.doc01,This,,This,is an example of
2,English,subtok.demo.doc01,a,This is,an,example of a subtokenized
3,English,subtok.demo.doc01,a,is an example of,a,subtokenized corpus .
