---
source: annimate_core/tests/exportable_edge_types.rs
info:
  corpus_paths:
    - parallel.sample_relANNIS.zip
    - pcc2_v7_relANNIS.zip
  corpus_names:
    - parallel.sample
    - pcc2
---
[
    ExportableEdgeType {
        ctype: Dominance,
        name: "",
    },
    ExportableEdgeType {
        ctype: Dominance,
        name: "edge",
    },
    ExportableEdgeType {
        ctype: Dominance,
        name: "multinuc",
    },
    ExportableEdgeType {
        ctype: Dominance,
        name: "rst",
    },
    ExportableEdgeType {
        ctype: Dominance,
        name: "secedge",
    },
    ExportableEdgeType {
        ctype: Pointing,
        name: "align_e-g",
    },
    ExportableEdgeType {
        ctype: Pointing,
        name: "align_g-e",
    },
    ExportableEdgeType {
        ctype: Pointing,
        name: "anaphor_antecedent",
    },
    ExportableEdgeType {
        ctype: Pointing,
        name: "dep",
    },
]
