---
source: annimate_core/tests/export_matches.rs
info:
  corpus_paths:
    - pcc2_v7_relANNIS.zip
  corpus_names:
    - pcc2
  aql_query: Sent _i_ NP
  query_language: AQL
  export_columns:
    - Number
    - Data:
        Text:
          left_context: 0
          right_context: 0
          segmentation: ~
          primary_node_indices: []
    - Data:
        Text:
          left_context: 0
          right_context: 0
          segmentation: ~
          primary_node_indices:
            - 1
    - Data:
        Text:
          left_context: 0
          right_context: 0
          segmentation: ~
          primary_node_indices:
            - 0
            - 1
---
Number,Context (tokens),Left context (tokens),Match (tokens),Right context (tokens),Match (tokens)
1,Die Jugendlichen in Zossen wollen ein Musikcafé .,,Die Jugendlichen,in Zossen wollen ein Musikcafé .,Die Jugendlichen in Zossen wollen ein Musikcafé .
2,Die Jugendlichen in Zossen wollen ein Musikcafé .,Die Jugendlichen in,Zossen,wollen ein Musikcafé .,Die Jugendlichen in Zossen wollen ein Musikcafé .
3,Die Jugendlichen in Zossen wollen ein Musikcafé .,Die Jugendlichen in Zossen wollen,ein Musikcafé,.,Die Jugendlichen in Zossen wollen ein Musikcafé .
4,Das forderten sie bei der ersten Zossener Runde am Dienstagabend .,,Das,forderten sie bei der ersten Zossener Runde am Dienstagabend .,Das forderten sie bei der ersten Zossener Runde am Dienstagabend .
5,Das forderten sie bei der ersten Zossener Runde am Dienstagabend .,Das forderten,sie,bei der ersten Zossener Runde am Dienstagabend .,Das forderten sie bei der ersten Zossener Runde am Dienstagabend .
6,Das forderten sie bei der ersten Zossener Runde am Dienstagabend .,Das forderten sie bei,der ersten Zossener Runde,am Dienstagabend .,Das forderten sie bei der ersten Zossener Runde am Dienstagabend .
7,Das forderten sie bei der ersten Zossener Runde am Dienstagabend .,Das forderten sie bei der ersten Zossener Runde am,Dienstagabend,.,Das forderten sie bei der ersten Zossener Runde am Dienstagabend .
8,"Dass die Politiker der Stadt dafür Verständnis haben , ist löblich .",Dass,die Politiker,"der Stadt dafür Verständnis haben , ist löblich .","Dass die Politiker der Stadt dafür Verständnis haben , ist löblich ."
9,"Dass die Politiker der Stadt dafür Verständnis haben , ist löblich .",Dass die Politiker,der Stadt,"dafür Verständnis haben , ist löblich .","Dass die Politiker der Stadt dafür Verständnis haben , ist löblich ."
10,"Dass die Politiker der Stadt dafür Verständnis haben , ist löblich .",Dass die Politiker der Stadt,dafür,"Verständnis haben , ist löblich .","Dass die Politiker der Stadt dafür Verständnis haben , ist löblich ."
11,"Dass die Politiker der Stadt dafür Verständnis haben , ist löblich .",Dass die Politiker der Stadt dafür,Verständnis,"haben , ist löblich .","Dass die Politiker der Stadt dafür Verständnis haben , ist löblich ."
12,Mit dem Treffen im Rathaus ist somit auch ein Dialog zwischen den Generationen angestoßen .,Mit,dem Treffen,im Rathaus ist somit auch ein Dialog zwischen den Generationen angestoßen .,Mit dem Treffen im Rathaus ist somit auch ein Dialog zwischen den Generationen angestoßen .
13,Mit dem Treffen im Rathaus ist somit auch ein Dialog zwischen den Generationen angestoßen .,Mit dem Treffen im,Rathaus,ist somit auch ein Dialog zwischen den Generationen angestoßen .,Mit dem Treffen im Rathaus ist somit auch ein Dialog zwischen den Generationen angestoßen .
14,Mit dem Treffen im Rathaus ist somit auch ein Dialog zwischen den Generationen angestoßen .,Mit dem Treffen im Rathaus ist somit auch,ein Dialog,zwischen den Generationen angestoßen .,Mit dem Treffen im Rathaus ist somit auch ein Dialog zwischen den Generationen angestoßen .
15,Mit dem Treffen im Rathaus ist somit auch ein Dialog zwischen den Generationen angestoßen .,Mit dem Treffen im Rathaus ist somit auch ein Dialog zwischen,den Generationen,angestoßen .,Mit dem Treffen im Rathaus ist somit auch ein Dialog zwischen den Generationen angestoßen .
16,"Dass die beiden geladenen Jugendlichen im Laufe des Abends immer weniger zu Wort kamen , war sicher keine böse Absicht , ärgerlich ist es trotzdem .",Dass,die beiden geladenen Jugendlichen,"im Laufe des Abends immer weniger zu Wort kamen , war sicher keine böse Absicht , ärgerlich ist es trotzdem .","Dass die beiden geladenen Jugendlichen im Laufe des Abends immer weniger zu Wort kamen , war sicher keine böse Absicht , ärgerlich ist es trotzdem ."
17,"Dass die beiden geladenen Jugendlichen im Laufe des Abends immer weniger zu Wort kamen , war sicher keine böse Absicht , ärgerlich ist es trotzdem .",Dass die beiden geladenen Jugendlichen im,Laufe,"des Abends immer weniger zu Wort kamen , war sicher keine böse Absicht , ärgerlich ist es trotzdem .","Dass die beiden geladenen Jugendlichen im Laufe des Abends immer weniger zu Wort kamen , war sicher keine böse Absicht , ärgerlich ist es trotzdem ."
18,"Dass die beiden geladenen Jugendlichen im Laufe des Abends immer weniger zu Wort kamen , war sicher keine böse Absicht , ärgerlich ist es trotzdem .",Dass die beiden geladenen Jugendlichen im Laufe,des Abends,"immer weniger zu Wort kamen , war sicher keine böse Absicht , ärgerlich ist es trotzdem .","Dass die beiden geladenen Jugendlichen im Laufe des Abends immer weniger zu Wort kamen , war sicher keine böse Absicht , ärgerlich ist es trotzdem ."
19,"Dass die beiden geladenen Jugendlichen im Laufe des Abends immer weniger zu Wort kamen , war sicher keine böse Absicht , ärgerlich ist es trotzdem .",Dass die beiden geladenen Jugendlichen im Laufe des Abends immer weniger zu,Wort,"kamen , war sicher keine böse Absicht , ärgerlich ist es trotzdem .","Dass die beiden geladenen Jugendlichen im Laufe des Abends immer weniger zu Wort kamen , war sicher keine böse Absicht , ärgerlich ist es trotzdem ."
20,"Dass die beiden geladenen Jugendlichen im Laufe des Abends immer weniger zu Wort kamen , war sicher keine böse Absicht , ärgerlich ist es trotzdem .","Dass die beiden geladenen Jugendlichen im Laufe des Abends immer weniger zu Wort kamen , war sicher",keine böse Absicht,", ärgerlich ist es trotzdem .","Dass die beiden geladenen Jugendlichen im Laufe des Abends immer weniger zu Wort kamen , war sicher keine böse Absicht , ärgerlich ist es trotzdem ."
21,"Dass die beiden geladenen Jugendlichen im Laufe des Abends immer weniger zu Wort kamen , war sicher keine böse Absicht , ärgerlich ist es trotzdem .","Dass die beiden geladenen Jugendlichen im Laufe des Abends immer weniger zu Wort kamen , war sicher keine böse Absicht , ärgerlich ist",es,trotzdem .,"Dass die beiden geladenen Jugendlichen im Laufe des Abends immer weniger zu Wort kamen , war sicher keine böse Absicht , ärgerlich ist es trotzdem ."
22,"Es entbehrt nicht der Komik , wenn sich drei Erwachsene - Karola Andrae ( Bürgerbündnis/FDP ) , Susanne Michler ( CDU ) und Joachim Zanow ( SPD ) - darüber streiten , was Jugendliche wollen und brauchen , ohne auf die Idee zu kommen , sie selbst zu fragen .",,Es,"entbehrt nicht der Komik , wenn sich drei Erwachsene - Karola Andrae ( Bürgerbündnis/FDP ) , Susanne Michler ( CDU ) und Joachim Zanow ( SPD ) - darüber streiten , was Jugendliche wollen und brauchen , ohne auf die Idee zu kommen , sie selbst zu fragen .","Es entbehrt nicht der Komik , wenn sich drei Erwachsene - Karola Andrae ( Bürgerbündnis/FDP ) , Susanne Michler ( CDU ) und Joachim Zanow ( SPD ) - darüber streiten , was Jugendliche wollen und brauchen , ohne auf die Idee zu kommen , sie selbst zu fragen ."
23,"Es entbehrt nicht der Komik , wenn sich drei Erwachsene - Karola Andrae ( Bürgerbündnis/FDP ) , Susanne Michler ( CDU ) und Joachim Zanow ( SPD ) - darüber streiten , was Jugendliche wollen und brauchen , ohne auf die Idee zu kommen , sie selbst zu fragen .",Es entbehrt nicht,der Komik,", wenn sich drei Erwachsene - Karola Andrae ( Bürgerbündnis/FDP ) , Susanne Michler ( CDU ) und Joachim Zanow ( SPD ) - darüber streiten , was Jugendliche wollen und brauchen , ohne auf die Idee zu kommen , sie selbst zu fragen .","Es entbehrt nicht der Komik , wenn sich drei Erwachsene - Karola Andrae ( Bürgerbündnis/FDP ) , Susanne Michler ( CDU ) und Joachim Zanow ( SPD ) - darüber streiten , was Jugendliche wollen und brauchen , ohne auf die Idee zu kommen , sie selbst zu fragen ."
24,"Es entbehrt nicht der Komik , wenn sich drei Erwachsene - Karola Andrae ( Bürgerbündnis/FDP ) , Susanne Michler ( CDU ) und Joachim Zanow ( SPD ) - darüber streiten , was Jugendliche wollen und brauchen , ohne auf die Idee zu kommen , sie selbst zu fragen .","Es entbehrt nicht der Komik , wenn sich",drei Erwachsene,"- Karola Andrae ( Bürgerbündnis/FDP ) , Susanne Michler ( CDU ) und Joachim Zanow ( SPD ) - darüber streiten , was Jugendliche wollen und brauchen , ohne auf die Idee zu kommen , sie selbst zu fragen .","Es entbehrt nicht der Komik , wenn sich drei Erwachsene - Karola Andrae ( Bürgerbündnis/FDP ) , Susanne Michler ( CDU ) und Joachim Zanow ( SPD ) - darüber streiten , was Jugendliche wollen und brauchen , ohne auf die Idee zu kommen , sie selbst zu fragen ."
25,"Es entbehrt nicht der Komik , wenn sich drei Erwachsene - Karola Andrae ( Bürgerbündnis/FDP ) , Susanne Michler ( CDU ) und Joachim Zanow ( SPD ) - darüber streiten , was Jugendliche wollen und brauchen , ohne auf die Idee zu kommen , sie selbst zu fragen .","Es entbehrt nicht der Komik , wenn sich drei Erwachsene -",Karola Andrae,"( Bürgerbündnis/FDP ) , Susanne Michler ( CDU ) und Joachim Zanow ( SPD ) - darüber streiten , was Jugendliche wollen und brauchen , ohne auf die Idee zu kommen , sie selbst zu fragen .","Es entbehrt nicht der Komik , wenn sich drei Erwachsene - Karola Andrae ( Bürgerbündnis/FDP ) , Susanne Michler ( CDU ) und Joachim Zanow ( SPD ) - darüber streiten , was Jugendliche wollen und brauchen , ohne auf die Idee zu kommen , sie selbst zu fragen ."
26,"Es entbehrt nicht der Komik , wenn sich drei Erwachsene - Karola Andrae ( Bürgerbündnis/FDP ) , Susanne Michler ( CDU ) und Joachim Zanow ( SPD ) - darüber streiten , was Jugendliche wollen und brauchen , ohne auf die Idee zu kommen , sie selbst zu fragen .","Es entbehrt nicht der Komik , wenn sich drei Erwachsene - Karola Andrae",( Bürgerbündnis/FDP ),", Susanne Michler ( CDU ) und Joachim Zanow ( SPD ) - darüber streiten , was Jugendliche wollen und brauchen , ohne auf die Idee zu kommen , sie selbst zu fragen .","Es entbehrt nicht der Komik , wenn sich drei Erwachsene - Karola Andrae ( Bürgerbündnis/FDP ) , Susanne Michler ( CDU ) und Joachim Zanow ( SPD ) - darüber streiten , was Jugendliche wollen und brauchen , ohne auf die Idee zu kommen , sie selbst zu fragen ."
27,"Es entbehrt nicht der Komik , wenn sich drei Erwachsene - Karola Andrae ( Bürgerbündnis/FDP ) , Susanne Michler ( CDU ) und Joachim Zanow ( SPD ) - darüber streiten , was Jugendliche wollen und brauchen , ohne auf die Idee zu kommen , sie selbst zu fragen .","Es entbehrt nicht der Komik , wenn sich drei Erwachsene - Karola Andrae ( Bürgerbündnis/FDP ) ,",Susanne Michler,"( CDU ) und Joachim Zanow ( SPD ) - darüber streiten , was Jugendliche wollen und brauchen , ohne auf die Idee zu kommen , sie selbst zu fragen .","Es entbehrt nicht der Komik , wenn sich drei Erwachsene - Karola Andrae ( Bürgerbündnis/FDP ) , Susanne Michler ( CDU ) und Joachim Zanow ( SPD ) - darüber streiten , was Jugendliche wollen und brauchen , ohne auf die Idee zu kommen , sie selbst zu fragen ."
28,"Es entbehrt nicht der Komik , wenn sich drei Erwachsene - Karola Andrae ( Bürgerbündnis/FDP ) , Susanne Michler ( CDU ) und Joachim Zanow ( SPD ) - darüber streiten , was Jugendliche wollen und brauchen , ohne auf die Idee zu kommen , sie selbst zu fragen .","Es entbehrt nicht der Komik , wenn sich drei Erwachsene - Karola Andrae ( Bürgerbündnis/FDP ) , Susanne Michler",( CDU ),"und Joachim Zanow ( SPD ) - darüber streiten , was Jugendliche wollen und brauchen , ohne auf die Idee zu kommen , sie selbst zu fragen .","Es entbehrt nicht der Komik , wenn sich drei Erwachsene - Karola Andrae ( Bürgerbündnis/FDP ) , Susanne Michler ( CDU ) und Joachim Zanow ( SPD ) - darüber streiten , was Jugendliche wollen und brauchen , ohne auf die Idee zu kommen , sie selbst zu fragen ."
29,"Es entbehrt nicht der Komik , wenn sich drei Erwachsene - Karola Andrae ( Bürgerbündnis/FDP ) , Susanne Michler ( CDU ) und Joachim Zanow ( SPD ) - darüber streiten , was Jugendliche wollen und brauchen , ohne auf die Idee zu kommen , sie selbst zu fragen .","Es entbehrt nicht der Komik , wenn sich drei Erwachsene - Karola Andrae ( Bürgerbündnis/FDP ) , Susanne Michler ( CDU ) und",Joachim Zanow,"( SPD ) - darüber streiten , was Jugendliche wollen und brauchen , ohne auf die Idee zu kommen , sie selbst zu fragen .","Es entbehrt nicht der Komik , wenn sich drei Erwachsene - Karola Andrae ( Bürgerbündnis/FDP ) , Susanne Michler ( CDU ) und Joachim Zanow ( SPD ) - darüber streiten , was Jugendliche wollen und brauchen , ohne auf die Idee zu kommen , sie selbst zu fragen ."
30,"Es entbehrt nicht der Komik , wenn sich drei Erwachsene - Karola Andrae ( Bürgerbündnis/FDP ) , Susanne Michler ( CDU ) und Joachim Zanow ( SPD ) - darüber streiten , was Jugendliche wollen und brauchen , ohne auf die Idee zu kommen , sie selbst zu fragen .","Es entbehrt nicht der Komik , wenn sich drei Erwachsene - Karola Andrae ( Bürgerbündnis/FDP ) , Susanne Michler ( CDU ) und Joachim Zanow",( SPD ),"- darüber streiten , was Jugendliche wollen und brauchen , ohne auf die Idee zu kommen , sie selbst zu fragen .","Es entbehrt nicht der Komik , wenn sich drei Erwachsene - Karola Andrae ( Bürgerbündnis/FDP ) , Susanne Michler ( CDU ) und Joachim Zanow ( SPD ) - darüber streiten , was Jugendliche wollen und brauchen , ohne auf die Idee zu kommen , sie selbst zu fragen ."
31,"Es entbehrt nicht der Komik , wenn sich drei Erwachsene - Karola Andrae ( Bürgerbündnis/FDP ) , Susanne Michler ( CDU ) und Joachim Zanow ( SPD ) - darüber streiten , was Jugendliche wollen und brauchen , ohne auf die Idee zu kommen , sie selbst zu fragen .","Es entbehrt nicht der Komik , wenn sich drei Erwachsene - Karola Andrae ( Bürgerbündnis/FDP ) , Susanne Michler ( CDU ) und Joachim Zanow ( SPD ) - darüber streiten , was",Jugendliche,"wollen und brauchen , ohne auf die Idee zu kommen , sie selbst zu fragen .","Es entbehrt nicht der Komik , wenn sich drei Erwachsene - Karola Andrae ( Bürgerbündnis/FDP ) , Susanne Michler ( CDU ) und Joachim Zanow ( SPD ) - darüber streiten , was Jugendliche wollen und brauchen , ohne auf die Idee zu kommen , sie selbst zu fragen ."
32,"Es entbehrt nicht der Komik , wenn sich drei Erwachsene - Karola Andrae ( Bürgerbündnis/FDP ) , Susanne Michler ( CDU ) und Joachim Zanow ( SPD ) - darüber streiten , was Jugendliche wollen und brauchen , ohne auf die Idee zu kommen , sie selbst zu fragen .","Es entbehrt nicht der Komik , wenn sich drei Erwachsene - Karola Andrae ( Bürgerbündnis/FDP ) , Susanne Michler ( CDU ) und Joachim Zanow ( SPD ) - darüber streiten , was Jugendliche wollen und brauchen , ohne auf",die Idee,"zu kommen , sie selbst zu fragen .","Es entbehrt nicht der Komik , wenn sich drei Erwachsene - Karola Andrae ( Bürgerbündnis/FDP ) , Susanne Michler ( CDU ) und Joachim Zanow ( SPD ) - darüber streiten , was Jugendliche wollen und brauchen , ohne auf die Idee zu kommen , sie selbst zu fragen ."
33,"Es entbehrt nicht der Komik , wenn sich drei Erwachsene - Karola Andrae ( Bürgerbündnis/FDP ) , Susanne Michler ( CDU ) und Joachim Zanow ( SPD ) - darüber streiten , was Jugendliche wollen und brauchen , ohne auf die Idee zu kommen , sie selbst zu fragen .","Es entbehrt nicht der Komik , wenn sich drei Erwachsene - Karola Andrae ( Bürgerbündnis/FDP ) , Susanne Michler ( CDU ) und Joachim Zanow ( SPD ) - darüber streiten , was Jugendliche wollen und brauchen , ohne auf die Idee zu kommen ,",sie,selbst zu fragen .,"Es entbehrt nicht der Komik , wenn sich drei Erwachsene - Karola Andrae ( Bürgerbündnis/FDP ) , Susanne Michler ( CDU ) und Joachim Zanow ( SPD ) - darüber streiten , was Jugendliche wollen und brauchen , ohne auf die Idee zu kommen , sie selbst zu fragen ."
34,"Und das , obwohl sie ihnen gegenüber sitzen .",Und,das,", obwohl sie ihnen gegenüber sitzen .","Und das , obwohl sie ihnen gegenüber sitzen ."
35,"Und das , obwohl sie ihnen gegenüber sitzen .","Und das , obwohl",sie,ihnen gegenüber sitzen .,"Und das , obwohl sie ihnen gegenüber sitzen ."
36,"Und das , obwohl sie ihnen gegenüber sitzen .","Und das , obwohl sie",ihnen,gegenüber sitzen .,"Und das , obwohl sie ihnen gegenüber sitzen ."
37,Die Jugendlichen wurden somit zum bloßen Feigenblatt degradiert .,,Die Jugendlichen,wurden somit zum bloßen Feigenblatt degradiert .,Die Jugendlichen wurden somit zum bloßen Feigenblatt degradiert .
38,Die Jugendlichen wurden somit zum bloßen Feigenblatt degradiert .,Die Jugendlichen wurden somit zum,bloßen Feigenblatt,degradiert .,Die Jugendlichen wurden somit zum bloßen Feigenblatt degradiert .
39,Nicht über sondern mit ihnen hätten die Politiker reden sollen .,Nicht über sondern mit,ihnen,hätten die Politiker reden sollen .,Nicht über sondern mit ihnen hätten die Politiker reden sollen .
40,Nicht über sondern mit ihnen hätten die Politiker reden sollen .,Nicht über sondern mit ihnen hätten,die Politiker,reden sollen .,Nicht über sondern mit ihnen hätten die Politiker reden sollen .
41,Damit ist eine große Chance vertan .,Damit ist,eine große Chance,vertan .,Damit ist eine große Chance vertan .
42,Vielleicht klappt es bei der nächsten Runde Anfang 2002 .,Vielleicht klappt,es,bei der nächsten Runde Anfang 2002 .,Vielleicht klappt es bei der nächsten Runde Anfang 2002 .
43,Vielleicht klappt es bei der nächsten Runde Anfang 2002 .,Vielleicht klappt es bei,der nächsten Runde,Anfang 2002 .,Vielleicht klappt es bei der nächsten Runde Anfang 2002 .
44,Vielleicht klappt es bei der nächsten Runde Anfang 2002 .,Vielleicht klappt es bei der nächsten Runde,Anfang 2002,.,Vielleicht klappt es bei der nächsten Runde Anfang 2002 .
45,Dann werden auch mehr Jugendliche eingeladen .,Dann werden auch,mehr Jugendliche,eingeladen .,Dann werden auch mehr Jugendliche eingeladen .
46,In der Gruppe können sie sich hoffentlich mehr Gehör verschaffen .,In,der Gruppe,können sie sich hoffentlich mehr Gehör verschaffen .,In der Gruppe können sie sich hoffentlich mehr Gehör verschaffen .
47,In der Gruppe können sie sich hoffentlich mehr Gehör verschaffen .,In der Gruppe können,sie,sich hoffentlich mehr Gehör verschaffen .,In der Gruppe können sie sich hoffentlich mehr Gehör verschaffen .
48,In der Gruppe können sie sich hoffentlich mehr Gehör verschaffen .,In der Gruppe können sie sich hoffentlich,mehr Gehör,verschaffen .,In der Gruppe können sie sich hoffentlich mehr Gehör verschaffen .
49,Vielleicht finden dann auch Vertreter von PDS und Gewerbeverein ihren Weg ins Rathaus .,Vielleicht finden dann auch,Vertreter,von PDS und Gewerbeverein ihren Weg ins Rathaus .,Vielleicht finden dann auch Vertreter von PDS und Gewerbeverein ihren Weg ins Rathaus .
50,Vielleicht finden dann auch Vertreter von PDS und Gewerbeverein ihren Weg ins Rathaus .,Vielleicht finden dann auch Vertreter von,PDS,und Gewerbeverein ihren Weg ins Rathaus .,Vielleicht finden dann auch Vertreter von PDS und Gewerbeverein ihren Weg ins Rathaus .
51,Vielleicht finden dann auch Vertreter von PDS und Gewerbeverein ihren Weg ins Rathaus .,Vielleicht finden dann auch Vertreter von PDS und,Gewerbeverein,ihren Weg ins Rathaus .,Vielleicht finden dann auch Vertreter von PDS und Gewerbeverein ihren Weg ins Rathaus .
52,Vielleicht finden dann auch Vertreter von PDS und Gewerbeverein ihren Weg ins Rathaus .,Vielleicht finden dann auch Vertreter von PDS und Gewerbeverein,ihren Weg,ins Rathaus .,Vielleicht finden dann auch Vertreter von PDS und Gewerbeverein ihren Weg ins Rathaus .
53,Vielleicht finden dann auch Vertreter von PDS und Gewerbeverein ihren Weg ins Rathaus .,Vielleicht finden dann auch Vertreter von PDS und Gewerbeverein ihren Weg ins,Rathaus,.,Vielleicht finden dann auch Vertreter von PDS und Gewerbeverein ihren Weg ins Rathaus .
54,Die glänzten diesmal noch mit Abwesenheit,,Die,glänzten diesmal noch mit Abwesenheit,Die glänzten diesmal noch mit Abwesenheit
55,Die glänzten diesmal noch mit Abwesenheit,Die glänzten diesmal noch mit,Abwesenheit,,Die glänzten diesmal noch mit Abwesenheit
56,Wunder gibt es immer wieder !,,Wunder,gibt es immer wieder !,Wunder gibt es immer wieder !
57,Erst spielen die Dallgower Gemeindevertreter so statisch und verzagt wie die deutsche Abwehrreihe der Fußballkicker .,Erst spielen,die Dallgower Gemeindevertreter,so statisch und verzagt wie die deutsche Abwehrreihe der Fußballkicker .,Erst spielen die Dallgower Gemeindevertreter so statisch und verzagt wie die deutsche Abwehrreihe der Fußballkicker .
58,Erst spielen die Dallgower Gemeindevertreter so statisch und verzagt wie die deutsche Abwehrreihe der Fußballkicker .,Erst spielen die Dallgower Gemeindevertreter so statisch und verzagt wie,die deutsche Abwehrreihe der Fußballkicker,.,Erst spielen die Dallgower Gemeindevertreter so statisch und verzagt wie die deutsche Abwehrreihe der Fußballkicker .
59,"Und dann kommt aus der Tiefe solch ein fulminanter Steilpass , von dem man hofft , dass die Seeburger oder Groß-Glienicker Mitspieler ihn aufnehmen können .",Und dann kommt aus,der Tiefe,"solch ein fulminanter Steilpass , von dem man hofft , dass die Seeburger oder Groß-Glienicker Mitspieler ihn aufnehmen können .","Und dann kommt aus der Tiefe solch ein fulminanter Steilpass , von dem man hofft , dass die Seeburger oder Groß-Glienicker Mitspieler ihn aufnehmen können ."
60,"Und dann kommt aus der Tiefe solch ein fulminanter Steilpass , von dem man hofft , dass die Seeburger oder Groß-Glienicker Mitspieler ihn aufnehmen können .",Und dann kommt aus der Tiefe solch,ein fulminanter Steilpass,", von dem man hofft , dass die Seeburger oder Groß-Glienicker Mitspieler ihn aufnehmen können .","Und dann kommt aus der Tiefe solch ein fulminanter Steilpass , von dem man hofft , dass die Seeburger oder Groß-Glienicker Mitspieler ihn aufnehmen können ."
61,"Und dann kommt aus der Tiefe solch ein fulminanter Steilpass , von dem man hofft , dass die Seeburger oder Groß-Glienicker Mitspieler ihn aufnehmen können .","Und dann kommt aus der Tiefe solch ein fulminanter Steilpass , von",dem,"man hofft , dass die Seeburger oder Groß-Glienicker Mitspieler ihn aufnehmen können .","Und dann kommt aus der Tiefe solch ein fulminanter Steilpass , von dem man hofft , dass die Seeburger oder Groß-Glienicker Mitspieler ihn aufnehmen können ."
62,"Und dann kommt aus der Tiefe solch ein fulminanter Steilpass , von dem man hofft , dass die Seeburger oder Groß-Glienicker Mitspieler ihn aufnehmen können .","Und dann kommt aus der Tiefe solch ein fulminanter Steilpass , von dem",man,"hofft , dass die Seeburger oder Groß-Glienicker Mitspieler ihn aufnehmen können .","Und dann kommt aus der Tiefe solch ein fulminanter Steilpass , von dem man hofft , dass die Seeburger oder Groß-Glienicker Mitspieler ihn aufnehmen können ."
63,"Und dann kommt aus der Tiefe solch ein fulminanter Steilpass , von dem man hofft , dass die Seeburger oder Groß-Glienicker Mitspieler ihn aufnehmen können .","Und dann kommt aus der Tiefe solch ein fulminanter Steilpass , von dem man hofft , dass",die Seeburger oder Groß-Glienicker Mitspieler,ihn aufnehmen können .,"Und dann kommt aus der Tiefe solch ein fulminanter Steilpass , von dem man hofft , dass die Seeburger oder Groß-Glienicker Mitspieler ihn aufnehmen können ."
64,"Und dann kommt aus der Tiefe solch ein fulminanter Steilpass , von dem man hofft , dass die Seeburger oder Groß-Glienicker Mitspieler ihn aufnehmen können .","Und dann kommt aus der Tiefe solch ein fulminanter Steilpass , von dem man hofft , dass die Seeburger oder Groß-Glienicker Mitspieler",ihn,aufnehmen können .,"Und dann kommt aus der Tiefe solch ein fulminanter Steilpass , von dem man hofft , dass die Seeburger oder Groß-Glienicker Mitspieler ihn aufnehmen können ."
65,"Ein Befreiungsschlag ist es allerdings nicht , weil es vorerst keine Gefahr fürs Dallgower Tor gab .",,Ein Befreiungsschlag,"ist es allerdings nicht , weil es vorerst keine Gefahr fürs Dallgower Tor gab .","Ein Befreiungsschlag ist es allerdings nicht , weil es vorerst keine Gefahr fürs Dallgower Tor gab ."
66,"Ein Befreiungsschlag ist es allerdings nicht , weil es vorerst keine Gefahr fürs Dallgower Tor gab .","Ein Befreiungsschlag ist es allerdings nicht , weil es vorerst",keine Gefahr,fürs Dallgower Tor gab .,"Ein Befreiungsschlag ist es allerdings nicht , weil es vorerst keine Gefahr fürs Dallgower Tor gab ."
67,"Ein Befreiungsschlag ist es allerdings nicht , weil es vorerst keine Gefahr fürs Dallgower Tor gab .","Ein Befreiungsschlag ist es allerdings nicht , weil es vorerst keine Gefahr fürs",Dallgower Tor,gab .,"Ein Befreiungsschlag ist es allerdings nicht , weil es vorerst keine Gefahr fürs Dallgower Tor gab ."
68,Die Seeburger und einige Groß-Glienicker haben den Ball erst zurückgespielt und dann um so drängender wieder gefordert .,,Die Seeburger,und einige Groß-Glienicker haben den Ball erst zurückgespielt und dann um so drängender wieder gefordert .,Die Seeburger und einige Groß-Glienicker haben den Ball erst zurückgespielt und dann um so drängender wieder gefordert .
69,Die Seeburger und einige Groß-Glienicker haben den Ball erst zurückgespielt und dann um so drängender wieder gefordert .,Die Seeburger und,einige Groß-Glienicker,haben den Ball erst zurückgespielt und dann um so drängender wieder gefordert .,Die Seeburger und einige Groß-Glienicker haben den Ball erst zurückgespielt und dann um so drängender wieder gefordert .
70,Die Seeburger und einige Groß-Glienicker haben den Ball erst zurückgespielt und dann um so drängender wieder gefordert .,Die Seeburger und einige Groß-Glienicker haben,den Ball,erst zurückgespielt und dann um so drängender wieder gefordert .,Die Seeburger und einige Groß-Glienicker haben den Ball erst zurückgespielt und dann um so drängender wieder gefordert .
71,"Nun sollen sie zeigen , wie sie die Chance verwerten .",Nun sollen,sie,"zeigen , wie sie die Chance verwerten .","Nun sollen sie zeigen , wie sie die Chance verwerten ."
72,"Nun sollen sie zeigen , wie sie die Chance verwerten .","Nun sollen sie zeigen , wie",sie,die Chance verwerten .,"Nun sollen sie zeigen , wie sie die Chance verwerten ."
73,"Nun sollen sie zeigen , wie sie die Chance verwerten .","Nun sollen sie zeigen , wie sie",die Chance,verwerten .,"Nun sollen sie zeigen , wie sie die Chance verwerten ."
74,"Eine Diskussion , wo künftig die Trainerkabine stehen soll , wäre in der jetzigen Spielsituation verheerend .",,Eine Diskussion,", wo künftig die Trainerkabine stehen soll , wäre in der jetzigen Spielsituation verheerend .","Eine Diskussion , wo künftig die Trainerkabine stehen soll , wäre in der jetzigen Spielsituation verheerend ."
75,"Eine Diskussion , wo künftig die Trainerkabine stehen soll , wäre in der jetzigen Spielsituation verheerend .","Eine Diskussion , wo künftig",die Trainerkabine,"stehen soll , wäre in der jetzigen Spielsituation verheerend .","Eine Diskussion , wo künftig die Trainerkabine stehen soll , wäre in der jetzigen Spielsituation verheerend ."
76,"Eine Diskussion , wo künftig die Trainerkabine stehen soll , wäre in der jetzigen Spielsituation verheerend .","Eine Diskussion , wo künftig die Trainerkabine stehen soll , wäre in",der jetzigen Spielsituation,verheerend .,"Eine Diskussion , wo künftig die Trainerkabine stehen soll , wäre in der jetzigen Spielsituation verheerend ."
77,Und eine Parallele zu den deutschen Grotten-Kickern gibt es immer noch .,Und,eine Parallele,zu den deutschen Grotten-Kickern gibt es immer noch .,Und eine Parallele zu den deutschen Grotten-Kickern gibt es immer noch .
78,Und eine Parallele zu den deutschen Grotten-Kickern gibt es immer noch .,Und eine Parallele zu,den deutschen Grotten-Kickern,gibt es immer noch .,Und eine Parallele zu den deutschen Grotten-Kickern gibt es immer noch .
79,"Auch wenn die Spieler aus den verschiedenen Vereinen zusammengewürfelt sind , sie müssen sich daran gewöhnen , dass sie nun in einer Mannschaft "" Döberitzer Heide "" spielen .",Auch wenn,die Spieler,"aus den verschiedenen Vereinen zusammengewürfelt sind , sie müssen sich daran gewöhnen , dass sie nun in einer Mannschaft "" Döberitzer Heide "" spielen .","Auch wenn die Spieler aus den verschiedenen Vereinen zusammengewürfelt sind , sie müssen sich daran gewöhnen , dass sie nun in einer Mannschaft "" Döberitzer Heide "" spielen ."
80,"Auch wenn die Spieler aus den verschiedenen Vereinen zusammengewürfelt sind , sie müssen sich daran gewöhnen , dass sie nun in einer Mannschaft "" Döberitzer Heide "" spielen .",Auch wenn die Spieler aus,den verschiedenen Vereinen,"zusammengewürfelt sind , sie müssen sich daran gewöhnen , dass sie nun in einer Mannschaft "" Döberitzer Heide "" spielen .","Auch wenn die Spieler aus den verschiedenen Vereinen zusammengewürfelt sind , sie müssen sich daran gewöhnen , dass sie nun in einer Mannschaft "" Döberitzer Heide "" spielen ."
81,"Auch wenn die Spieler aus den verschiedenen Vereinen zusammengewürfelt sind , sie müssen sich daran gewöhnen , dass sie nun in einer Mannschaft "" Döberitzer Heide "" spielen .","Auch wenn die Spieler aus den verschiedenen Vereinen zusammengewürfelt sind ,",sie,"müssen sich daran gewöhnen , dass sie nun in einer Mannschaft "" Döberitzer Heide "" spielen .","Auch wenn die Spieler aus den verschiedenen Vereinen zusammengewürfelt sind , sie müssen sich daran gewöhnen , dass sie nun in einer Mannschaft "" Döberitzer Heide "" spielen ."
82,"Auch wenn die Spieler aus den verschiedenen Vereinen zusammengewürfelt sind , sie müssen sich daran gewöhnen , dass sie nun in einer Mannschaft "" Döberitzer Heide "" spielen .","Auch wenn die Spieler aus den verschiedenen Vereinen zusammengewürfelt sind , sie müssen",sich,"daran gewöhnen , dass sie nun in einer Mannschaft "" Döberitzer Heide "" spielen .","Auch wenn die Spieler aus den verschiedenen Vereinen zusammengewürfelt sind , sie müssen sich daran gewöhnen , dass sie nun in einer Mannschaft "" Döberitzer Heide "" spielen ."
83,"Auch wenn die Spieler aus den verschiedenen Vereinen zusammengewürfelt sind , sie müssen sich daran gewöhnen , dass sie nun in einer Mannschaft "" Döberitzer Heide "" spielen .","Auch wenn die Spieler aus den verschiedenen Vereinen zusammengewürfelt sind , sie müssen sich daran gewöhnen , dass",sie,"nun in einer Mannschaft "" Döberitzer Heide "" spielen .","Auch wenn die Spieler aus den verschiedenen Vereinen zusammengewürfelt sind , sie müssen sich daran gewöhnen , dass sie nun in einer Mannschaft "" Döberitzer Heide "" spielen ."
84,"Auch wenn die Spieler aus den verschiedenen Vereinen zusammengewürfelt sind , sie müssen sich daran gewöhnen , dass sie nun in einer Mannschaft "" Döberitzer Heide "" spielen .","Auch wenn die Spieler aus den verschiedenen Vereinen zusammengewürfelt sind , sie müssen sich daran gewöhnen , dass sie nun in","einer Mannschaft "" Döberitzer Heide """,spielen .,"Auch wenn die Spieler aus den verschiedenen Vereinen zusammengewürfelt sind , sie müssen sich daran gewöhnen , dass sie nun in einer Mannschaft "" Döberitzer Heide "" spielen ."
85,Und das heißt gemeinsam und nicht gegeneinander .,Und,das,heißt gemeinsam und nicht gegeneinander .,Und das heißt gemeinsam und nicht gegeneinander .
86,"Ermahnungen von der Seitenlinie , miteinander fair umzugehen und sich nicht beim kleinsten Schubser gegenseitig zu zerfleischen , sind normalerweise überflüssig .",,Ermahnungen,"von der Seitenlinie , miteinander fair umzugehen und sich nicht beim kleinsten Schubser gegenseitig zu zerfleischen , sind normalerweise überflüssig .","Ermahnungen von der Seitenlinie , miteinander fair umzugehen und sich nicht beim kleinsten Schubser gegenseitig zu zerfleischen , sind normalerweise überflüssig ."
87,"Ermahnungen von der Seitenlinie , miteinander fair umzugehen und sich nicht beim kleinsten Schubser gegenseitig zu zerfleischen , sind normalerweise überflüssig .",Ermahnungen von,der Seitenlinie,", miteinander fair umzugehen und sich nicht beim kleinsten Schubser gegenseitig zu zerfleischen , sind normalerweise überflüssig .","Ermahnungen von der Seitenlinie , miteinander fair umzugehen und sich nicht beim kleinsten Schubser gegenseitig zu zerfleischen , sind normalerweise überflüssig ."
88,"Ermahnungen von der Seitenlinie , miteinander fair umzugehen und sich nicht beim kleinsten Schubser gegenseitig zu zerfleischen , sind normalerweise überflüssig .","Ermahnungen von der Seitenlinie , miteinander fair umzugehen und",sich,"nicht beim kleinsten Schubser gegenseitig zu zerfleischen , sind normalerweise überflüssig .","Ermahnungen von der Seitenlinie , miteinander fair umzugehen und sich nicht beim kleinsten Schubser gegenseitig zu zerfleischen , sind normalerweise überflüssig ."
89,"Ermahnungen von der Seitenlinie , miteinander fair umzugehen und sich nicht beim kleinsten Schubser gegenseitig zu zerfleischen , sind normalerweise überflüssig .","Ermahnungen von der Seitenlinie , miteinander fair umzugehen und sich nicht beim",kleinsten Schubser,"gegenseitig zu zerfleischen , sind normalerweise überflüssig .","Ermahnungen von der Seitenlinie , miteinander fair umzugehen und sich nicht beim kleinsten Schubser gegenseitig zu zerfleischen , sind normalerweise überflüssig ."
