---
source: annimate_core/tests/metadata.rs
---
Corpora {
    corpora: [
        Corpus {
            name: "subtok.demo",
            included_in_sets: [
                "Test set",
            ],
        },
        Corpus {
            name: "subtok.demo2",
            included_in_sets: [],
        },
    ],
    sets: [
        "Test set",
    ],
}
