---
source: annimate_core/tests/project.rs
info:
  corpus_set: ~
  corpus_names: []
  aql_query: ""
  query_language: AQL
  export_columns: []
  export_format: Xlsx
---
# Annimate project file
# https://github.com/matthias-stemmler/annimate

format-version = 1

[project]
query-language = "aql"
export-format = "xlsx"
